#-----------------------------------------------------------
# Vivado v2024.2 (64-bit)
# SW Build 5239630 on Fri Nov 08 22:34:34 MST 2024
# IP Build 5239520 on Sun Nov 10 16:12:51 MST 2024
# SharedData Build 5239561 on Fri Nov 08 14:39:27 MST 2024
# Start of session at: Mon Dec  8 16:08:29 2025
# Process ID         : 70787
# Current directory  : /media/user23/data/workspace/basys_exam/basys_exam.runs/impl_1
# Command line       : vivado -log ring_counter_led.vdi -applog -product Vivado -messageDb vivado.pb -mode batch -source ring_counter_led.tcl -notrace
# Log file           : /media/user23/data/workspace/basys_exam/basys_exam.runs/impl_1/ring_counter_led.vdi
# Journal file       : /media/user23/data/workspace/basys_exam/basys_exam.runs/impl_1/vivado.jou
# Running On         : user23-B80KV-AP35BKE
# Platform           : Ubuntu
# Operating System   : Ubuntu 24.04.3 LTS
# Processor Detail   : 13th Gen Intel(R) Core(TM) i5-13400
# CPU Frequency      : 2065.813 MHz
# CPU Physical cores : 10
# CPU Logical cores  : 16
# Host memory        : 16497 MB
# Swap memory        : 32000 MB
# Total Virtual      : 48498 MB
# Available Virtual  : 42123 MB
#-----------------------------------------------------------
source ring_counter_led.tcl -notrace
